// Jest Snapshot v1, https://goo.gl/fbAQLP

exports[`jest-auto-snapshots > Tag Matches snapshot when passed all props 1`] = `<ForwardRef(styled.span) />`;
