// Jest Snapshot v1, https://goo.gl/fbAQLP

exports[`jest-auto-snapshots > Search Matches snapshot when boolean prop "clearSearchOnBlur" is set to: "false" 1`] = `
<styled.div>
  <styled.input
    height="jest-auto-snapshots String Fixture"
    onChange={[Function]}
    onClick={[MockFunction]}
    onFocus={[Function]}
    placeholder="jest-auto-snapshots String Fixture"
    type="text"
    value=""
  />
</styled.div>
`;

exports[`jest-auto-snapshots > Search Matches snapshot when boolean prop "clearSearchOnFocus" is set to: "false" 1`] = `
<styled.div>
  <styled.input
    height="jest-auto-snapshots String Fixture"
    onBlur={[Function]}
    onChange={[Function]}
    onClick={[MockFunction]}
    placeholder="jest-auto-snapshots String Fixture"
    type="text"
    value=""
  />
</styled.div>
`;

exports[`jest-auto-snapshots > Search Matches snapshot when boolean prop "isOpen" is set to: "false" 1`] = `
<styled.div>
  <styled.input
    height="jest-auto-snapshots String Fixture"
    onBlur={[Function]}
    onChange={[Function]}
    onClick={[MockFunction]}
    onFocus={[Function]}
    placeholder="jest-auto-snapshots String Fixture"
    type="text"
    value=""
  />
</styled.div>
`;

exports[`jest-auto-snapshots > Search Matches snapshot when passed all props 1`] = `
<styled.div>
  <styled.input
    height="jest-auto-snapshots String Fixture"
    onBlur={[Function]}
    onChange={[Function]}
    onClick={[MockFunction]}
    onFocus={[Function]}
    placeholder="jest-auto-snapshots String Fixture"
    type="text"
    value=""
  />
</styled.div>
`;

exports[`jest-auto-snapshots > Search Matches snapshot when passed only required props 1`] = `
<styled.div>
  <styled.input
    height="tall"
    onChange={[Function]}
    onClick={[Function]}
    placeholder=""
    type="text"
    value=""
  />
</styled.div>
`;
