// Jest Snapshot v1, https://goo.gl/fbAQLP

exports[`jest-auto-snapshots > Text Matches snapshot when boolean prop "hasError" is set to: "false" 1`] = `
<styled.span>
  <NodeFixture />
</styled.span>
`;

exports[`jest-auto-snapshots > Text Matches snapshot when passed all props 1`] = `
<styled.span>
  <NodeFixture />
</styled.span>
`;
