// Jest Snapshot v1, https://goo.gl/fbAQLP

exports[`jest-auto-snapshots > Banner Matches snapshot when passed all props 1`] = `
<styled.div
  themeColor="blue"
>
  <styled.div>
    <div
      dangerouslySetInnerHTML={
        Object {
          "__html": "jest-auto-snapshots String Fixture",
        }
      }
    />
  </styled.div>
  <styled.div>
    <Button
      disabled={false}
      fullWidth={false}
      hasIconOnly={true}
      hideSearch={true}
      icon={
        <CrossIcon
          color="#fff"
        />
      }
      iconEnd={false}
      label="Close"
      loading={false}
      onClick={[Function]}
      onOpen={null}
      selectPosition="bottom"
      size="small"
      type="text"
    />
  </styled.div>
</styled.div>
`;
