// Jest Snapshot v1, https://goo.gl/fbAQLP

exports[`jest-auto-snapshots > NonDismissibleModal Matches snapshot when passed only required props 1`] = `
<styled.div
  NonDismissibleModal={true}
  aria-modal="true"
  role="dialog"
>
  <AnimationWrapper
    align="center"
    dismissing={false}
    duration={400}
    easing="cubic-bezier(0.25, 1, 0.5, 1)"
    justify="center"
    onDismiss={[Function]}
    stageInAnimation={
      e {
        "id": "sc-keyframes-bQtjaF",
        "inject": [Function],
        "name": "bQtjaF",
        "rules": "
  0% {
    transform: scale(.5);
    opacity: 0;
  }

  100% {
    transform: scale(1);
    opacity: 1;
  }
",
        "toString": [Function],
      }
    }
    stageOutAnimation={
      e {
        "id": "sc-keyframes-hsHpqF",
        "inject": [Function],
        "name": "hsHpqF",
        "rules": "
  0% {
    transform: scale(1);
    opacity: 1;
  }

  100% {
    transform: scale(.5);
    opacity: 0;
  }
",
        "toString": [Function],
      }
    }
  >
    <styled.div>
      <NodeFixture />
    </styled.div>
  </AnimationWrapper>
</styled.div>
`;
